###############################################################################
#
# IAR ELF Linker V8.20.2.14835/W32 for ARM                08/Feb/2018  10:19:26
# Copyright 2007-2017 IAR Systems AB.
#
#    Output file  =  
#        C:\Users\Elias\Desktop\ProjectIS1300\EWARM\Debug\Exe\Test.out
#    Map file     =  
#        C:\Users\Elias\Desktop\ProjectIS1300\EWARM\Debug\List\Test.map
#    Command line =  
#        -f C:\Users\Elias\AppData\Local\Temp\EWC2F9.tmp
#        (C:\Users\Elias\Desktop\ProjectIS1300\EWARM\Debug\Obj\crc.o
#        C:\Users\Elias\Desktop\ProjectIS1300\EWARM\Debug\Obj\gpio.o
#        C:\Users\Elias\Desktop\ProjectIS1300\EWARM\Debug\Obj\main.o
#        C:\Users\Elias\Desktop\ProjectIS1300\EWARM\Debug\Obj\startup_stm32f303xc.o
#        C:\Users\Elias\Desktop\ProjectIS1300\EWARM\Debug\Obj\stm32f3xx_hal.o
#        C:\Users\Elias\Desktop\ProjectIS1300\EWARM\Debug\Obj\stm32f3xx_hal_cortex.o
#        C:\Users\Elias\Desktop\ProjectIS1300\EWARM\Debug\Obj\stm32f3xx_hal_dma.o
#        C:\Users\Elias\Desktop\ProjectIS1300\EWARM\Debug\Obj\stm32f3xx_hal_flash.o
#        C:\Users\Elias\Desktop\ProjectIS1300\EWARM\Debug\Obj\stm32f3xx_hal_flash_ex.o
#        C:\Users\Elias\Desktop\ProjectIS1300\EWARM\Debug\Obj\stm32f3xx_hal_gpio.o
#        C:\Users\Elias\Desktop\ProjectIS1300\EWARM\Debug\Obj\stm32f3xx_hal_i2c.o
#        C:\Users\Elias\Desktop\ProjectIS1300\EWARM\Debug\Obj\stm32f3xx_hal_i2c_ex.o
#        C:\Users\Elias\Desktop\ProjectIS1300\EWARM\Debug\Obj\stm32f3xx_hal_msp.o
#        C:\Users\Elias\Desktop\ProjectIS1300\EWARM\Debug\Obj\stm32f3xx_hal_pwr.o
#        C:\Users\Elias\Desktop\ProjectIS1300\EWARM\Debug\Obj\stm32f3xx_hal_pwr_ex.o
#        C:\Users\Elias\Desktop\ProjectIS1300\EWARM\Debug\Obj\stm32f3xx_hal_rcc.o
#        C:\Users\Elias\Desktop\ProjectIS1300\EWARM\Debug\Obj\stm32f3xx_hal_rcc_ex.o
#        C:\Users\Elias\Desktop\ProjectIS1300\EWARM\Debug\Obj\stm32f3xx_hal_tim.o
#        C:\Users\Elias\Desktop\ProjectIS1300\EWARM\Debug\Obj\stm32f3xx_hal_tim_ex.o
#        C:\Users\Elias\Desktop\ProjectIS1300\EWARM\Debug\Obj\stm32f3xx_hal_uart.o
#        C:\Users\Elias\Desktop\ProjectIS1300\EWARM\Debug\Obj\stm32f3xx_hal_uart_ex.o
#        C:\Users\Elias\Desktop\ProjectIS1300\EWARM\Debug\Obj\stm32f3xx_it.o
#        C:\Users\Elias\Desktop\ProjectIS1300\EWARM\Debug\Obj\system_stm32f3xx.o
#        C:\Users\Elias\Desktop\ProjectIS1300\EWARM\Debug\Obj\tim.o
#        C:\Users\Elias\Desktop\ProjectIS1300\EWARM\Debug\Obj\usart.o -o
#        C:\Users\Elias\Desktop\ProjectIS1300\EWARM\Debug\Exe\Test.out
#        --redirect _Printf=_PrintfFullNoMb --redirect _Scanf=_ScanfFullNoMb
#        --map C:\Users\Elias\Desktop\ProjectIS1300\EWARM\Debug\List\Test.map
#        --config "C:\Program Files (x86)\IAR Systems\Embedded Workbench
#        8.0\arm\config\linker\ST\stm32f303xC.icf" --semihosting --entry
#        __iar_program_start --vfe --text_out locale)
#
###############################################################################

*******************************************************************************
*** RUNTIME MODEL ATTRIBUTES
***

CppFlavor       = *
__SystemLibrary = DLib
__dlib_version  = 6


*******************************************************************************
*** HEAP SELECTION
***

The basic heap was selected because some modules are built with
size limitations (and not runtime checking), and --advanced_heap
was not specified.


*******************************************************************************
*** PLACEMENT SUMMARY
***

"A0":  place at 0x08000000 { ro section .intvec };
"P1":  place in [from 0x08000000 to 0x0803ffff] { ro };
define block CSTACK with size = 8K, alignment = 8 { };
define block HEAP with size = 8K, alignment = 8 { };
"P2":  place in [from 0x20000000 to 0x20009fff] {
          rw, block CSTACK, block HEAP };
initialize by copy { rw };

No sections matched the following patterns:

  section .ccmram  in "P3"


  Section            Kind        Address    Size  Object
  -------            ----        -------    ----  ------
"A0":                                      0x188
  .intvec            ro code  0x08000000   0x188  startup_stm32f303xc.o [1]
                            - 0x08000188   0x188

"P1":                                     0x1cfc
  .text              ro code  0x08000188   0x862  stm32f3xx_hal_uart.o [1]
  .text              ro code  0x080009ec   0x148  usart.o [1]
  .text              ro code  0x08000b34     0xc  stm32f3xx_hal.o [1]
  .text              ro code  0x08000b40    0x4e  stm32f3xx_hal_dma.o [1]
  .text              ro code  0x08000b8e     0x2  stm32f3xx_hal_uart.o [1]
  .text              ro code  0x08000b90     0x2  stm32f3xx_hal_uart_ex.o [1]
  .text              ro code  0x08000b94   0x560  stm32f3xx_hal_rcc.o [1]
  .text              ro code  0x080010f4   0x194  main.o [1]
  .text              ro code  0x08001288     0x2  stm32f3xx_hal_uart.o [1]
  .text              ro code  0x0800128c   0x18c  stm32f3xx_hal_gpio.o [1]
  .text              ro code  0x08001418   0x10e  stm32f3xx_hal_cortex.o [1]
  .text              ro code  0x08001528    0x28  stm32f3xx_hal.o [1]
  .text              ro code  0x08001550    0xa6  ABImemcpy.o [5]
  .text              ro code  0x080015f8    0x24  stm32f3xx_hal.o [1]
  .text              ro code  0x0800161c   0x1e0  stm32f3xx_hal_tim.o [1]
  .text              ro code  0x080017fc   0x12c  gpio.o [1]
  .text              ro code  0x08001928   0x1b8  stm32f3xx_hal_rcc_ex.o [1]
  .text              ro code  0x08001ae0    0x78  stm32f3xx_hal_msp.o [1]
  .text              ro code  0x08001b58     0x2  stm32f3xx_hal_tim.o [1]
  .text              ro code  0x08001b5a     0x2  stm32f3xx_hal_tim.o [1]
  .text              ro code  0x08001b5c     0x2  stm32f3xx_hal_tim.o [1]
  .text              ro code  0x08001b5e     0x2  stm32f3xx_hal_tim.o [1]
  .text              ro code  0x08001b60     0x2  stm32f3xx_hal_tim_ex.o [1]
  .text              ro code  0x08001b62     0x2  stm32f3xx_hal_tim_ex.o [1]
  .text              ro code  0x08001b64     0x2  stm32f3xx_hal_tim.o [1]
  .text              ro code  0x08001b66     0x2  stm32f3xx_hal_tim_ex.o [1]
  .text              ro code  0x08001b68    0x7c  system_stm32f3xx.o [1]
  .text              ro code  0x08001be4    0x40  zero_init3.o [5]
  .text              ro code  0x08001c24    0x2c  copy_init3.o [5]
  .text              ro code  0x08001c50    0x28  data_init.o [5]
  .text              ro code  0x08001c78    0x24  stm32f3xx_it.o [1]
  .text              ro code  0x08001c9c    0x10  stm32f3xx_hal.o [1]
  .text              ro code  0x08001cac    0x22  fpinit_M.o [4]
  .iar.init_table    const    0x08001cd0    0x24  - Linker created -
  .text              ro code  0x08001cf4    0x1e  cmain.o [5]
  .text              ro code  0x08001d12     0x4  low_level_init.o [3]
  .text              ro code  0x08001d16     0x4  exit.o [3]
  .text              ro code  0x08001d1c     0xa  cexit.o [5]
  .text              ro code  0x08001d28    0x14  exit.o [6]
  .text              ro code  0x08001d3c    0x10  startup_stm32f303xc.o [1]
  .text              ro code  0x08001d4c     0xc  cstartup_M.o [5]
  .rodata            const    0x08001d58     0x8  system_stm32f3xx.o [1]
  .text              ro code  0x08001d60     0x4  startup_stm32f303xc.o [1]
  .text              ro code  0x08001d64     0x4  startup_stm32f303xc.o [1]
  .text              ro code  0x08001d68     0x4  startup_stm32f303xc.o [1]
  .text              ro code  0x08001d6c     0x4  startup_stm32f303xc.o [1]
  .text              ro code  0x08001d70     0x4  startup_stm32f303xc.o [1]
  .text              ro code  0x08001d74     0x4  startup_stm32f303xc.o [1]
  .text              ro code  0x08001d78     0x4  startup_stm32f303xc.o [1]
  .text              ro code  0x08001d7c     0x4  startup_stm32f303xc.o [1]
  .text              ro code  0x08001d80     0x4  startup_stm32f303xc.o [1]
  .text              ro code  0x08001d84     0x4  startup_stm32f303xc.o [1]
  .text              ro code  0x08001d88     0x4  startup_stm32f303xc.o [1]
  .text              ro code  0x08001d8c     0x4  startup_stm32f303xc.o [1]
  .text              ro code  0x08001d90     0x4  startup_stm32f303xc.o [1]
  .text              ro code  0x08001d94     0x4  startup_stm32f303xc.o [1]
  .text              ro code  0x08001d98     0x4  startup_stm32f303xc.o [1]
  .text              ro code  0x08001d9c     0x4  startup_stm32f303xc.o [1]
  .text              ro code  0x08001da0     0x4  startup_stm32f303xc.o [1]
  .text              ro code  0x08001da4     0x4  startup_stm32f303xc.o [1]
  .text              ro code  0x08001da8     0x4  startup_stm32f303xc.o [1]
  .text              ro code  0x08001dac     0x4  startup_stm32f303xc.o [1]
  .text              ro code  0x08001db0     0x4  startup_stm32f303xc.o [1]
  .text              ro code  0x08001db4     0x4  startup_stm32f303xc.o [1]
  .text              ro code  0x08001db8     0x4  startup_stm32f303xc.o [1]
  .text              ro code  0x08001dbc     0x4  startup_stm32f303xc.o [1]
  .text              ro code  0x08001dc0     0x4  startup_stm32f303xc.o [1]
  .text              ro code  0x08001dc4     0x4  startup_stm32f303xc.o [1]
  .text              ro code  0x08001dc8     0x4  startup_stm32f303xc.o [1]
  .text              ro code  0x08001dcc     0x4  startup_stm32f303xc.o [1]
  .text              ro code  0x08001dd0     0x4  startup_stm32f303xc.o [1]
  .text              ro code  0x08001dd4     0x4  startup_stm32f303xc.o [1]
  .text              ro code  0x08001dd8     0x4  startup_stm32f303xc.o [1]
  .text              ro code  0x08001ddc     0x4  startup_stm32f303xc.o [1]
  .text              ro code  0x08001de0     0x4  startup_stm32f303xc.o [1]
  .text              ro code  0x08001de4     0x4  startup_stm32f303xc.o [1]
  .text              ro code  0x08001de8     0x4  startup_stm32f303xc.o [1]
  .text              ro code  0x08001dec     0x4  startup_stm32f303xc.o [1]
  .text              ro code  0x08001df0     0x4  startup_stm32f303xc.o [1]
  .text              ro code  0x08001df4     0x4  startup_stm32f303xc.o [1]
  .text              ro code  0x08001df8     0x4  startup_stm32f303xc.o [1]
  .text              ro code  0x08001dfc     0x4  startup_stm32f303xc.o [1]
  .text              ro code  0x08001e00     0x4  startup_stm32f303xc.o [1]
  .text              ro code  0x08001e04     0x4  startup_stm32f303xc.o [1]
  .text              ro code  0x08001e08     0x4  startup_stm32f303xc.o [1]
  .text              ro code  0x08001e0c     0x4  startup_stm32f303xc.o [1]
  .text              ro code  0x08001e10     0x4  startup_stm32f303xc.o [1]
  .text              ro code  0x08001e14     0x4  startup_stm32f303xc.o [1]
  .text              ro code  0x08001e18     0x4  startup_stm32f303xc.o [1]
  .text              ro code  0x08001e1c     0x4  startup_stm32f303xc.o [1]
  .text              ro code  0x08001e20     0x4  startup_stm32f303xc.o [1]
  .text              ro code  0x08001e24     0x4  startup_stm32f303xc.o [1]
  .text              ro code  0x08001e28     0x4  startup_stm32f303xc.o [1]
  .text              ro code  0x08001e2c     0x4  startup_stm32f303xc.o [1]
  .text              ro code  0x08001e30     0x4  startup_stm32f303xc.o [1]
  .text              ro code  0x08001e34     0x4  startup_stm32f303xc.o [1]
  .text              ro code  0x08001e38     0x4  startup_stm32f303xc.o [1]
  .text              ro code  0x08001e3c     0x4  startup_stm32f303xc.o [1]
  .text              ro code  0x08001e40     0x4  startup_stm32f303xc.o [1]
  .text              ro code  0x08001e44     0x4  startup_stm32f303xc.o [1]
  .text              ro code  0x08001e48     0x4  startup_stm32f303xc.o [1]
  .text              ro code  0x08001e4c     0x4  startup_stm32f303xc.o [1]
  .text              ro code  0x08001e50     0x4  startup_stm32f303xc.o [1]
  .text              ro code  0x08001e54     0x4  startup_stm32f303xc.o [1]
  .text              ro code  0x08001e58     0x4  startup_stm32f303xc.o [1]
  .text              ro code  0x08001e5c     0x4  startup_stm32f303xc.o [1]
  .text              ro code  0x08001e60     0x4  startup_stm32f303xc.o [1]
  .text              ro code  0x08001e64     0x4  startup_stm32f303xc.o [1]
  .text              ro code  0x08001e68     0x4  startup_stm32f303xc.o [1]
  .text              ro code  0x08001e6c     0x4  startup_stm32f303xc.o [1]
  .text              ro code  0x08001e70     0x4  startup_stm32f303xc.o [1]
  .text              ro code  0x08001e74     0x4  startup_stm32f303xc.o [1]
  .text              ro code  0x08001e78     0x4  startup_stm32f303xc.o [1]
  .text              ro code  0x08001e7c     0x4  startup_stm32f303xc.o [1]
  Initializer bytes  const    0x08001e80     0x4  <for P2-1>
  .rodata            const    0x08001e84     0x0  zero_init3.o [5]
  .rodata            const    0x08001e84     0x0  copy_init3.o [5]
                            - 0x08001e84  0x1cfc

"P2", part 1 of 3:                           0x4
  P2-1                        0x20000000     0x4  <Init block>
    .data            inited   0x20000000     0x4  system_stm32f3xx.o [1]
                            - 0x20000004     0x4

"P2", part 2 of 3:                          0xb8
  .bss               zero     0x20000004    0x70  usart.o [1]
  .bss               zero     0x20000074    0x40  tim.o [1]
  .bss               zero     0x200000b4     0x4  stm32f3xx_hal.o [1]
  .bss               zero     0x200000b8     0x1  main.o [1]
                            - 0x200000b9    0xb5

"P2", part 3 of 3:                        0x2000
  CSTACK                      0x200000c0  0x2000  <Block>
    CSTACK           uninit   0x200000c0  0x2000  <Block tail>
                            - 0x200020c0  0x2000


*******************************************************************************
*** INIT TABLE
***

          Address     Size
          -------     ----
Zero (__iar_zero_init3)
    1 destination range, total size 0xb5:
          0x20000004  0xb5

Copy (__iar_copy_init3)
    1 source range, total size 0x4:
          0x08001e80   0x4
    1 destination range, total size 0x4:
          0x20000000   0x4



*******************************************************************************
*** MODULE SUMMARY
***

    Module                   ro code  ro data  rw data
    ------                   -------  -------  -------
C:\Users\Elias\Desktop\ProjectIS1300\EWARM\Debug\Obj: [1]
    gpio.o                       300
    main.o                       404                 1
    startup_stm32f303xc.o        696
    stm32f3xx_hal.o              104                 4
    stm32f3xx_hal_cortex.o       270
    stm32f3xx_hal_dma.o           78
    stm32f3xx_hal_gpio.o         396
    stm32f3xx_hal_msp.o          120
    stm32f3xx_hal_rcc.o        1 376
    stm32f3xx_hal_rcc_ex.o       440
    stm32f3xx_hal_tim.o          490
    stm32f3xx_hal_tim_ex.o         6
    stm32f3xx_hal_uart.o       2 150
    stm32f3xx_hal_uart_ex.o        2
    stm32f3xx_it.o                36
    system_stm32f3xx.o           124       12        4
    tim.o                                           64
    usart.o                      328               112
    --------------------------------------------------
    Total:                     7 320       12      185

command line: [2]
    --------------------------------------------------
    Total:

dl7M_tlf.a: [3]
    exit.o                         4
    low_level_init.o               4
    --------------------------------------------------
    Total:                         8

m7M_tls.a: [4]
    fpinit_M.o                    34
    --------------------------------------------------
    Total:                        34

rt7M_tl.a: [5]
    ABImemcpy.o                  166
    cexit.o                       10
    cmain.o                       30
    copy_init3.o                  44
    cstartup_M.o                  12
    data_init.o                   40
    zero_init3.o                  64
    --------------------------------------------------
    Total:                       366

shb_l.a: [6]
    exit.o                        20
    --------------------------------------------------
    Total:                        20

    Gaps                          14        2
    Linker created                         36    8 192
------------------------------------------------------
    Grand Total:               7 762       50    8 377


*******************************************************************************
*** ENTRY LIST
***

Entry                      Address   Size  Type      Object
-----                      -------   ----  ----      ------
.iar.init_table$$Base   0x08001cd0          --   Gb  - Linker created -
.iar.init_table$$Limit  0x08001cf4          --   Gb  - Linker created -
?main                   0x08001cf5         Code  Gb  cmain.o [5]
AHBPrescTable           0x08001bd4   0x10  Data  Gb  system_stm32f3xx.o [1]
APBPrescTable           0x08001d58    0x8  Data  Gb  system_stm32f3xx.o [1]
CSTACK$$Base            0x200000c0          --   Gb  - Linker created -
CSTACK$$Limit           0x200020c0          --   Gb  - Linker created -
HAL_DMA_Abort_IT        0x08000b41   0x4e  Code  Gb  stm32f3xx_hal_dma.o [1]
HAL_GPIO_Init           0x0800128d  0x15e  Code  Gb  stm32f3xx_hal_gpio.o [1]
HAL_GPIO_WritePin       0x080013eb   0x10  Code  Gb  stm32f3xx_hal_gpio.o [1]
HAL_GetTick             0x08000b35    0xc  Code  Wk  stm32f3xx_hal.o [1]
HAL_IncTick             0x08001c9d   0x10  Code  Wk  stm32f3xx_hal.o [1]
HAL_Init                0x080015f9   0x20  Code  Gb  stm32f3xx_hal.o [1]
HAL_InitTick            0x08001529   0x28  Code  Wk  stm32f3xx_hal.o [1]
HAL_MspInit             0x08001ae1   0x78  Code  Gb  stm32f3xx_hal_msp.o [1]
HAL_NVIC_EnableIRQ      0x080014eb    0x2  Code  Gb  stm32f3xx_hal_cortex.o [1]
HAL_NVIC_SetPriority    0x080014cd   0x1e  Code  Gb  stm32f3xx_hal_cortex.o [1]
HAL_NVIC_SetPriorityGrouping
                        0x080014cb    0x2  Code  Gb  stm32f3xx_hal_cortex.o [1]
HAL_RCCEx_PeriphCLKConfig
                        0x08001929  0x1ac  Code  Gb  stm32f3xx_hal_rcc_ex.o [1]
HAL_RCC_ClockConfig     0x08000efb  0x142  Code  Gb  stm32f3xx_hal_rcc.o [1]
HAL_RCC_GetHCLKFreq     0x08001077    0x6  Code  Gb  stm32f3xx_hal_rcc.o [1]
HAL_RCC_GetPCLK1Freq    0x0800107d   0x16  Code  Gb  stm32f3xx_hal_rcc.o [1]
HAL_RCC_GetPCLK2Freq    0x08001093   0x16  Code  Gb  stm32f3xx_hal_rcc.o [1]
HAL_RCC_GetSysClockFreq
                        0x0800103d   0x3a  Code  Gb  stm32f3xx_hal_rcc.o [1]
HAL_RCC_OscConfig       0x08000b95  0x366  Code  Gb  stm32f3xx_hal_rcc.o [1]
HAL_SYSTICK_CLKSourceConfig
                        0x080014ef   0x18  Code  Gb  stm32f3xx_hal_cortex.o [1]
HAL_SYSTICK_Config      0x080014ed    0x2  Code  Gb  stm32f3xx_hal_cortex.o [1]
HAL_SYSTICK_IRQHandler  0x08001521    0x4  Code  Gb  stm32f3xx_hal_cortex.o [1]
HAL_TIMEx_Break2Callback
                        0x08001b63    0x2  Code  Wk  stm32f3xx_hal_tim_ex.o [1]
HAL_TIMEx_BreakCallback
                        0x08001b61    0x2  Code  Wk  stm32f3xx_hal_tim_ex.o [1]
HAL_TIMEx_CommutationCallback
                        0x08001b67    0x2  Code  Wk  stm32f3xx_hal_tim_ex.o [1]
HAL_TIM_IC_Start_IT     0x0800161d   0x5a  Code  Gb  stm32f3xx_hal_tim.o [1]
HAL_TIM_IRQHandler      0x08001677  0x16c  Code  Gb  stm32f3xx_hal_tim.o [1]
HAL_UARTEx_WakeupCallback
                        0x08000b91    0x2  Code  Wk  stm32f3xx_hal_uart_ex.o [1]
HAL_UART_IRQHandler     0x080003c7  0x144  Code  Gb  stm32f3xx_hal_uart.o [1]
HAL_UART_Init           0x08000189   0x6a  Code  Gb  stm32f3xx_hal_uart.o [1]
HAL_UART_MspInit        0x08000a29   0xc4  Code  Gb  usart.o [1]
HAL_UART_Receive        0x080002a5   0xd6  Code  Gb  stm32f3xx_hal_uart.o [1]
HAL_UART_Transmit       0x080001f3   0xb2  Code  Gb  stm32f3xx_hal_uart.o [1]
HAL_UART_Transmit_IT    0x0800037b   0x4c  Code  Gb  stm32f3xx_hal_uart.o [1]
HAL_UART_TxCpltCallback
                        0x080010f5    0x8  Code  Gb  main.o [1]
MX_GPIO_Init            0x080017fd  0x12c  Code  Gb  gpio.o [1]
MX_USART3_UART_Init     0x080009ed   0x3c  Code  Gb  usart.o [1]
NVIC_EnableIRQ          0x0800143d   0x12  Code  Lc  stm32f3xx_hal_cortex.o [1]
NVIC_EncodePriority     0x0800146d   0x36  Code  Lc  stm32f3xx_hal_cortex.o [1]
NVIC_GetPriorityGrouping
                        0x08001433    0xa  Code  Lc  stm32f3xx_hal_cortex.o [1]
NVIC_SetPriority        0x0800144f   0x1e  Code  Lc  stm32f3xx_hal_cortex.o [1]
NVIC_SetPriorityGrouping
                        0x08001419   0x1a  Code  Lc  stm32f3xx_hal_cortex.o [1]
Region$$Table$$Base     0x08001cd0          --   Gb  - Linker created -
Region$$Table$$Limit    0x08001cf4          --   Gb  - Linker created -
SysTick_Config          0x080014a3   0x28  Code  Lc  stm32f3xx_hal_cortex.o [1]
SysTick_Handler         0x08001c79    0xe  Code  Gb  stm32f3xx_it.o [1]
SystemClock_Config      0x08001191   0xa4  Code  Gb  main.o [1]
SystemCoreClock         0x20000000    0x4  Data  Gb  system_stm32f3xx.o [1]
SystemInit              0x08001b69   0x52  Code  Gb  system_stm32f3xx.o [1]
TIM2_IRQHandler         0x08001c87    0x6  Code  Gb  stm32f3xx_it.o [1]
TIM_CCxChannelCmd       0x080017e3   0x1a  Code  Gb  stm32f3xx_hal_tim.o [1]
UART_AdvFeatureConfig   0x08000739   0xc8  Code  Gb  stm32f3xx_hal_uart.o [1]
UART_CheckIdleState     0x08000801   0x62  Code  Gb  stm32f3xx_hal_uart.o [1]
UART_DMAAbortOnError    0x080008e9   0x10  Code  Lc  stm32f3xx_hal_uart.o [1]
UART_EndRxTransfer      0x080008c9   0x1c  Code  Lc  stm32f3xx_hal_uart.o [1]
UART_EndTransmit_IT     0x0800095d   0x1a  Code  Gb  stm32f3xx_hal_uart.o [1]
UART_Receive_IT         0x08000977   0x74  Code  Gb  stm32f3xx_hal_uart.o [1]
UART_SetConfig          0x0800050d  0x208  Code  Gb  stm32f3xx_hal_uart.o [1]
UART_Transmit_IT        0x080008f9   0x64  Code  Gb  stm32f3xx_hal_uart.o [1]
UART_WaitOnFlagUntilTimeout
                        0x08000863   0x66  Code  Gb  stm32f3xx_hal_uart.o [1]
USART3_IRQHandler       0x08001c8d    0x6  Code  Gb  stm32f3xx_it.o [1]
UartReady               0x200000b8    0x1  Data  Gb  main.o [1]
_Error_Handler          0x08001235    0x2  Code  Gb  main.o [1]
__aeabi_memcpy          0x08001551         Code  Gb  ABImemcpy.o [5]
__aeabi_memcpy4         0x08001571         Code  Gb  ABImemcpy.o [5]
__aeabi_memcpy8         0x08001571         Code  Gb  ABImemcpy.o [5]
__cmain                 0x08001cf5         Code  Gb  cmain.o [5]
__exit                  0x08001d29   0x14  Code  Gb  exit.o [6]
__iar_copy_init3        0x08001c25   0x2c  Code  Gb  copy_init3.o [5]
__iar_data_init3        0x08001c51   0x28  Code  Gb  data_init.o [5]
__iar_init_vfp          0x08001cad         Code  Gb  fpinit_M.o [4]
__iar_program_start     0x08001d4d         Code  Gb  cstartup_M.o [5]
__iar_systems$$module {Abs}
                        0x00000001         Data  Gb  command line/config [2]
__iar_zero_init3        0x08001be5   0x40  Code  Gb  zero_init3.o [5]
__low_level_init        0x08001d13    0x4  Code  Gb  low_level_init.o [3]
__vector_table          0x08000000         Data  Gb  startup_stm32f303xc.o [1]
_call_main              0x08001d01         Code  Gb  cmain.o [5]
_exit                   0x08001d1d         Code  Gb  cexit.o [5]
_main                   0x08001d0f         Code  Gb  cmain.o [5]
aPLLMULFactorTable      0x080010d4   0x10  Data  Gb  stm32f3xx_hal_rcc.o [1]
aPredivFactorTable      0x080010e4   0x10  Data  Gb  stm32f3xx_hal_rcc.o [1]
exit                    0x08001d17    0x4  Code  Gb  exit.o [3]
htim2                   0x20000074   0x40  Data  Gb  tim.o [1]
huart3                  0x20000004   0x70  Data  Gb  usart.o [1]
main                    0x080010fd   0x88  Code  Gb  main.o [1]
uwTick                  0x200000b4    0x4  Data  Gb  stm32f3xx_hal.o [1]


[1] = C:\Users\Elias\Desktop\ProjectIS1300\EWARM\Debug\Obj
[2] = command line
[3] = dl7M_tlf.a
[4] = m7M_tls.a
[5] = rt7M_tl.a
[6] = shb_l.a

  7 762 bytes of readonly  code memory
     50 bytes of readonly  data memory
  8 377 bytes of readwrite data memory

Errors: none
Warnings: none
