###############################################################################
#
# IAR ELF Linker V8.20.2.14835/W32 for ARM                01/Mar/2018  13:55:39
# Copyright 2007-2017 IAR Systems AB.
#
#    Output file  =  
#        C:\Users\William\Documents\IS1300\ProjectIS1300_v2\EWARM\ProjectIS1300\Exe\ProjectIS1300.out
#    Map file     =  
#        C:\Users\William\Documents\IS1300\ProjectIS1300_v2\EWARM\ProjectIS1300\List\ProjectIS1300.map
#    Command line =  
#        -f C:\Users\William\AppData\Local\Temp\EW76C3.tmp
#        (C:\Users\William\Documents\IS1300\ProjectIS1300_v2\EWARM\ProjectIS1300\Obj\crc.o
#        C:\Users\William\Documents\IS1300\ProjectIS1300_v2\EWARM\ProjectIS1300\Obj\display_functions.o
#        C:\Users\William\Documents\IS1300\ProjectIS1300_v2\EWARM\ProjectIS1300\Obj\functions.o
#        C:\Users\William\Documents\IS1300\ProjectIS1300_v2\EWARM\ProjectIS1300\Obj\gpio.o
#        C:\Users\William\Documents\IS1300\ProjectIS1300_v2\EWARM\ProjectIS1300\Obj\main.o
#        C:\Users\William\Documents\IS1300\ProjectIS1300_v2\EWARM\ProjectIS1300\Obj\rtc.o
#        C:\Users\William\Documents\IS1300\ProjectIS1300_v2\EWARM\ProjectIS1300\Obj\spi.o
#        C:\Users\William\Documents\IS1300\ProjectIS1300_v2\EWARM\ProjectIS1300\Obj\startup_stm32f303xc.o
#        C:\Users\William\Documents\IS1300\ProjectIS1300_v2\EWARM\ProjectIS1300\Obj\stm32f3xx_hal.o
#        C:\Users\William\Documents\IS1300\ProjectIS1300_v2\EWARM\ProjectIS1300\Obj\stm32f3xx_hal_cortex.o
#        C:\Users\William\Documents\IS1300\ProjectIS1300_v2\EWARM\ProjectIS1300\Obj\stm32f3xx_hal_crc.o
#        C:\Users\William\Documents\IS1300\ProjectIS1300_v2\EWARM\ProjectIS1300\Obj\stm32f3xx_hal_crc_ex.o
#        C:\Users\William\Documents\IS1300\ProjectIS1300_v2\EWARM\ProjectIS1300\Obj\stm32f3xx_hal_dma.o
#        C:\Users\William\Documents\IS1300\ProjectIS1300_v2\EWARM\ProjectIS1300\Obj\stm32f3xx_hal_flash.o
#        C:\Users\William\Documents\IS1300\ProjectIS1300_v2\EWARM\ProjectIS1300\Obj\stm32f3xx_hal_flash_ex.o
#        C:\Users\William\Documents\IS1300\ProjectIS1300_v2\EWARM\ProjectIS1300\Obj\stm32f3xx_hal_gpio.o
#        C:\Users\William\Documents\IS1300\ProjectIS1300_v2\EWARM\ProjectIS1300\Obj\stm32f3xx_hal_i2c.o
#        C:\Users\William\Documents\IS1300\ProjectIS1300_v2\EWARM\ProjectIS1300\Obj\stm32f3xx_hal_i2c_ex.o
#        C:\Users\William\Documents\IS1300\ProjectIS1300_v2\EWARM\ProjectIS1300\Obj\stm32f3xx_hal_msp.o
#        C:\Users\William\Documents\IS1300\ProjectIS1300_v2\EWARM\ProjectIS1300\Obj\stm32f3xx_hal_pwr.o
#        C:\Users\William\Documents\IS1300\ProjectIS1300_v2\EWARM\ProjectIS1300\Obj\stm32f3xx_hal_pwr_ex.o
#        C:\Users\William\Documents\IS1300\ProjectIS1300_v2\EWARM\ProjectIS1300\Obj\stm32f3xx_hal_rcc.o
#        C:\Users\William\Documents\IS1300\ProjectIS1300_v2\EWARM\ProjectIS1300\Obj\stm32f3xx_hal_rcc_ex.o
#        C:\Users\William\Documents\IS1300\ProjectIS1300_v2\EWARM\ProjectIS1300\Obj\stm32f3xx_hal_rtc.o
#        C:\Users\William\Documents\IS1300\ProjectIS1300_v2\EWARM\ProjectIS1300\Obj\stm32f3xx_hal_rtc_ex.o
#        C:\Users\William\Documents\IS1300\ProjectIS1300_v2\EWARM\ProjectIS1300\Obj\stm32f3xx_hal_spi.o
#        C:\Users\William\Documents\IS1300\ProjectIS1300_v2\EWARM\ProjectIS1300\Obj\stm32f3xx_hal_spi_ex.o
#        C:\Users\William\Documents\IS1300\ProjectIS1300_v2\EWARM\ProjectIS1300\Obj\stm32f3xx_hal_tim.o
#        C:\Users\William\Documents\IS1300\ProjectIS1300_v2\EWARM\ProjectIS1300\Obj\stm32f3xx_hal_tim_ex.o
#        C:\Users\William\Documents\IS1300\ProjectIS1300_v2\EWARM\ProjectIS1300\Obj\stm32f3xx_hal_uart.o
#        C:\Users\William\Documents\IS1300\ProjectIS1300_v2\EWARM\ProjectIS1300\Obj\stm32f3xx_hal_uart_ex.o
#        C:\Users\William\Documents\IS1300\ProjectIS1300_v2\EWARM\ProjectIS1300\Obj\stm32f3xx_it.o
#        C:\Users\William\Documents\IS1300\ProjectIS1300_v2\EWARM\ProjectIS1300\Obj\system_stm32f3xx.o
#        C:\Users\William\Documents\IS1300\ProjectIS1300_v2\EWARM\ProjectIS1300\Obj\temp_functions.o
#        C:\Users\William\Documents\IS1300\ProjectIS1300_v2\EWARM\ProjectIS1300\Obj\tim.o
#        C:\Users\William\Documents\IS1300\ProjectIS1300_v2\EWARM\ProjectIS1300\Obj\usart.o
#        --redirect _Printf=_PrintfFull --redirect _Scanf=_ScanfFull -o
#        C:\Users\William\Documents\IS1300\ProjectIS1300_v2\EWARM\ProjectIS1300\Exe\ProjectIS1300.out
#        --map
#        C:\Users\William\Documents\IS1300\ProjectIS1300_v2\EWARM\ProjectIS1300\List\ProjectIS1300.map
#        --config
#        C:\Users\William\Documents\IS1300\ProjectIS1300_v2\EWARM/stm32f303xc_flash.icf
#        --semihosting --entry __iar_program_start --vfe --text_out locale)
#
###############################################################################

*******************************************************************************
*** RUNTIME MODEL ATTRIBUTES
***

CppFlavor       = *
__Heap_Handler  = Basic
__SystemLibrary = DLib
__dlib_version  = 6


*******************************************************************************
*** HEAP SELECTION
***

The basic heap was selected because some modules are built with
size limitations (and not runtime checking), and --advanced_heap
was not specified.


*******************************************************************************
*** PLACEMENT SUMMARY
***

"A0":  place at 0x08000000 { ro section .intvec };
"P1":  place in [from 0x08000000 to 0x0803ffff] { ro };
define block CSTACK with size = 1K, alignment = 8 { };
define block HEAP with size = 512, alignment = 8 { };
"P2":  place in [from 0x20000000 to 0x20009fff] {
          rw, block CSTACK, block HEAP };
initialize by copy { rw };

  Section            Kind        Address    Size  Object
  -------            ----        -------    ----  ------
"A0":                                      0x188
  .intvec            ro code  0x08000000   0x188  startup_stm32f303xc.o [1]
                            - 0x08000188   0x188

"P1":                                     0x79ca
  .text              ro code  0x08000188   0xf96  xprintffull.o [3]
  .text              ro code  0x0800111e    0x7a  lz77_init_single.o [5]
  .text              ro code  0x08001198   0x108  xlocale_c.o [3]
  .text              ro code  0x080012a0    0x16  strchr.o [5]
  .text              ro code  0x080012b6    0x26  xencoding_8859_1.o [3]
  .text              ro code  0x080012dc    0x44  xfail_s.o [3]
  .text              ro code  0x08001320    0x36  strlen.o [5]
  .text              ro code  0x08001356    0x1e  xsscin.o [3]
  .text              ro code  0x08001374    0x58  memchr.o [5]
  .text              ro code  0x080013cc     0xa  xmbcurmax.o [3]
  .text              ro code  0x080013d6     0xa  xsprout.o [3]
  .text              ro code  0x080013e0    0xa6  ABImemcpy.o [5]
  .text              ro code  0x08001488   0x22e  I64DivMod.o [5]
  .text              ro code  0x080016b8   0x1a2  DblMul.o [4]
  .text              ro code  0x0800185c    0x70  frexp.o [4]
  .text              ro code  0x080018cc    0x2e  DblCmpLe.o [4]
  .text              ro code  0x080018fc    0x2e  DblCmpGe.o [4]
  .text              ro code  0x0800192c   0x13a  ldexp.o [4]
  .text              ro code  0x08001a68    0x3a  DblToS32.o [4]
  .text              ro code  0x08001aa4    0x22  S32ToDbl.o [4]
  .text              ro code  0x08001ac8    0xe2  DblSub.o [4]
  .text              ro code  0x08001bac   0x246  DblDiv.o [4]
  .text              ro code  0x08001df4    0x28  DblToU32.o [4]
  .text              ro code  0x08001e1c    0x1a  U32ToDbl.o [4]
  .text              ro code  0x08001e36     0x6  abort.o [3]
  .text              ro code  0x08001e3c     0x2  I64DivZer.o [5]
  .text              ro code  0x08001e40   0x178  DblAdd.o [4]
  .text              ro code  0x08001fb8    0x14  exit.o [6]
  .text              ro code  0x08001fcc    0x7c  iarttio.o [6]
  .text              ro code  0x08002048    0x3c  XShttio.o [3]
  .text              ro code  0x08002084   0xeec  xscanffull.o [3]
  .text              ro code  0x08002f70    0x3c  wctob.o [3]
  .text              ro code  0x08002fac    0x14  isspace.o [3]
  .text              ro code  0x08002fc0    0x9c  iar_Stollx.o [3]
  .text              ro code  0x0800305c   0x1b8  iar_Stoullx.o [3]
  .text              ro code  0x08003214    0x7c  system_stm32f3xx.o [1]
  .text              ro code  0x08003290   0x598  strto64.o [4]
  .text              ro code  0x08003828    0x14  isalpha.o [3]
  .text              ro code  0x0800383c    0x68  DblToFlt.o [4]
  .text              ro code  0x080038a4    0x14  tolower.o [3]
  .text              ro code  0x080038b8   0x122  iar_Stopfx.o [3]
  .text              ro code  0x080039dc   0x1c8  iar_Stoflt.o [3]
  .text              ro code  0x08003ba4   0x21c  iar_Stoxflt.o [3]
  .text              ro code  0x08003dc0   0x862  stm32f3xx_hal_uart.o [1]
  .text              ro code  0x08004624   0x198  usart.o [1]
  .text              ro code  0x080047bc     0xc  stm32f3xx_hal.o [1]
  .text              ro code  0x080047c8    0x4e  stm32f3xx_hal_dma.o [1]
  .text              ro code  0x08004816     0x2  stm32f3xx_hal_uart.o [1]
  .text              ro code  0x08004818     0x2  stm32f3xx_hal_uart_ex.o [1]
  .text              ro code  0x0800481c   0x560  stm32f3xx_hal_rcc.o [1]
  .text              ro code  0x08004d7c   0x2c8  display_functions.o [1]
  .text              ro code  0x08005044     0x2  stm32f3xx_hal_uart.o [1]
  .text              ro code  0x08005048   0x1d0  main.o [1]
  .text              ro code  0x08005218   0x194  stm32f3xx_hal_gpio.o [1]
  .text              ro code  0x080053ac   0x10e  stm32f3xx_hal_cortex.o [1]
  .text              ro code  0x080054bc    0x28  stm32f3xx_hal.o [1]
  .text              ro code  0x080054e4   0x424  stm32f3xx_hal_spi.o [1]
  .text              ro code  0x08005908   0x3b4  stm32f3xx_hal_rtc.o [1]
  .text              ro code  0x08005cbc    0x28  sscanf.o [3]
  .text              ro code  0x08005ce4    0x40  sprintf.o [3]
  .text              ro code  0x08005d24   0x736  stm32f3xx_hal_tim.o [1]
  .text              ro code  0x0800645c   0x234  temp_functions.o [1]
  .text              ro code  0x08006690    0x24  stm32f3xx_hal.o [1]
  .text              ro code  0x080066b4   0x178  gpio.o [1]
  .text              ro code  0x0800682c   0x180  tim.o [1]
  .text              ro code  0x080069ac    0xa8  crc.o [1]
  .text              ro code  0x08006a54   0x10c  spi.o [1]
  .text              ro code  0x08006b60   0x110  rtc.o [1]
  .text              ro code  0x08006c70   0x1b8  stm32f3xx_hal_rcc_ex.o [1]
  .text              ro code  0x08006e28     0x2  stm32f3xx_hal_tim.o [1]
  .text              ro code  0x08006e2a     0x2  stm32f3xx_hal_tim.o [1]
  .text              ro code  0x08006e2c     0x2  stm32f3xx_hal_tim.o [1]
  .text              ro code  0x08006e2e     0x2  stm32f3xx_hal_tim.o [1]
  .text              ro code  0x08006e30     0x2  stm32f3xx_hal_tim_ex.o [1]
  .text              ro code  0x08006e32     0x2  stm32f3xx_hal_tim_ex.o [1]
  .text              ro code  0x08006e34     0x2  stm32f3xx_hal_tim.o [1]
  .text              ro code  0x08006e36     0x2  stm32f3xx_hal_tim_ex.o [1]
  .text              ro code  0x08006e38   0x184  stm32f3xx_hal_crc.o [1]
  .text              ro code  0x08006fbc    0x28  printf.o [3]
  .text              ro code  0x08006fe4    0x78  stm32f3xx_hal_msp.o [1]
  .text              ro code  0x0800705c    0x5c  stm32f3xx_hal_tim_ex.o [1]
  .text              ro code  0x080070b8    0x18  stm32f3xx_hal_rtc_ex.o [1]
  .text              ro code  0x080070d0    0x4a  stm32f3xx_hal_crc_ex.o [1]
  .text              ro code  0x0800711c   0x140  heap0.o [3]
  .text              ro code  0x0800725c    0x2c  xgetmemchunk.o [3]
  .text              ro code  0x08007288    0xd8  xfspos.o [3]
  .text              ro code  0x08007360    0xac  fflush.o [3]
  .text              ro code  0x0800740c     0xc  xfgpos.o [3]
  .text              ro code  0x08007418    0x4a  lseek.o [6]
  .text              ro code  0x08007462    0x10  write.o [6]
  .text              ro code  0x08007474    0xcc  XShHandles.o [3]
  .text              ro code  0x08007540    0x1e  dwrite.o [6]
  .text              ro code  0x0800755e    0x20  iarwstd.o [6]
  .text              ro code  0x0800757e    0x22  iarwrite.o [6]
  .text              ro code  0x080075a0    0xb4  xfwprep.o [3]
  .text              ro code  0x08007654    0x24  fseek.o [3]
  .text              ro code  0x08007678    0x7e  fclose.o [3]
  .text              ro code  0x080076f8    0x7c  xfofind.o [3]
  .text              ro code  0x08007774     0x4  heaptramp0.o [3]
  .text              ro code  0x08007778    0x18  close.o [6]
  .text              ro code  0x08007790    0x14  remove.o [6]
  .text              ro code  0x080077a4    0x54  fputc.o [3]
  .text              ro code  0x080077f8    0x40  zero_init3.o [5]
  .text              ro code  0x08007838    0x3c  xcloseall.o [3]
  .text              ro code  0x08007874    0x28  data_init.o [5]
  .text              ro code  0x0800789c    0x24  stm32f3xx_it.o [1]
  .text              ro code  0x080078c0    0x10  stm32f3xx_hal.o [1]
  .text              ro code  0x080078d0    0x22  fpinit_M.o [4]
  .iar.init_table    const    0x080078f4    0x20  - Linker created -
  .text              ro code  0x08007914    0x1e  cmain.o [5]
  .text              ro code  0x08007932     0x4  low_level_init.o [3]
  .text              ro code  0x08007936     0x4  exit.o [3]
  .text              ro code  0x0800793c     0xe  cexit.o [5]
  .text              ro code  0x0800794a    0x16  xprout.o [3]
  .text              ro code  0x08007960     0xc  putchar.o [3]
  .text              ro code  0x0800796c    0x10  startup_stm32f303xc.o [1]
  .text              ro code  0x0800797c     0xc  cstartup_M.o [5]
  .rodata            const    0x08007988     0x8  system_stm32f3xx.o [1]
  .rodata            const    0x08007990     0x6  xlocale_c.o [3]
  .text              ro code  0x08007996     0x4  startup_stm32f303xc.o [1]
  .text              ro code  0x0800799a     0x4  startup_stm32f303xc.o [1]
  .text              ro code  0x0800799e     0x4  startup_stm32f303xc.o [1]
  .text              ro code  0x080079a2     0x4  startup_stm32f303xc.o [1]
  .text              ro code  0x080079a6     0x4  startup_stm32f303xc.o [1]
  .text              ro code  0x080079aa     0x4  startup_stm32f303xc.o [1]
  .text              ro code  0x080079ae     0x4  startup_stm32f303xc.o [1]
  .text              ro code  0x080079b2     0x4  startup_stm32f303xc.o [1]
  .text              ro code  0x080079b6     0x4  startup_stm32f303xc.o [1]
  .text              ro code  0x080079ba     0x4  startup_stm32f303xc.o [1]
  .text              ro code  0x080079be     0x4  startup_stm32f303xc.o [1]
  .text              ro code  0x080079c2     0x4  startup_stm32f303xc.o [1]
  .text              ro code  0x080079c6     0x4  startup_stm32f303xc.o [1]
  .text              ro code  0x080079ca     0x4  startup_stm32f303xc.o [1]
  .text              ro code  0x080079ce     0x4  startup_stm32f303xc.o [1]
  .text              ro code  0x080079d2     0x4  startup_stm32f303xc.o [1]
  .text              ro code  0x080079d6     0x4  startup_stm32f303xc.o [1]
  .text              ro code  0x080079da     0x4  startup_stm32f303xc.o [1]
  .text              ro code  0x080079de     0x4  startup_stm32f303xc.o [1]
  .text              ro code  0x080079e2     0x4  startup_stm32f303xc.o [1]
  .text              ro code  0x080079e6     0x4  startup_stm32f303xc.o [1]
  .text              ro code  0x080079ea     0x4  startup_stm32f303xc.o [1]
  .text              ro code  0x080079ee     0x4  startup_stm32f303xc.o [1]
  .text              ro code  0x080079f2     0x4  startup_stm32f303xc.o [1]
  .text              ro code  0x080079f6     0x4  startup_stm32f303xc.o [1]
  .text              ro code  0x080079fa     0x4  startup_stm32f303xc.o [1]
  .text              ro code  0x080079fe     0x4  startup_stm32f303xc.o [1]
  .text              ro code  0x08007a02     0x4  startup_stm32f303xc.o [1]
  .text              ro code  0x08007a06     0x4  startup_stm32f303xc.o [1]
  .text              ro code  0x08007a0a     0x4  startup_stm32f303xc.o [1]
  .text              ro code  0x08007a0e     0x4  startup_stm32f303xc.o [1]
  .text              ro code  0x08007a12     0x4  startup_stm32f303xc.o [1]
  .text              ro code  0x08007a16     0x4  startup_stm32f303xc.o [1]
  .text              ro code  0x08007a1a     0x4  startup_stm32f303xc.o [1]
  .text              ro code  0x08007a1e     0x4  startup_stm32f303xc.o [1]
  .text              ro code  0x08007a22     0x4  startup_stm32f303xc.o [1]
  .text              ro code  0x08007a26     0x4  startup_stm32f303xc.o [1]
  .text              ro code  0x08007a2a     0x4  startup_stm32f303xc.o [1]
  .text              ro code  0x08007a2e     0x4  startup_stm32f303xc.o [1]
  .text              ro code  0x08007a32     0x4  startup_stm32f303xc.o [1]
  .text              ro code  0x08007a36     0x4  startup_stm32f303xc.o [1]
  .text              ro code  0x08007a3a     0x4  startup_stm32f303xc.o [1]
  .text              ro code  0x08007a3e     0x4  startup_stm32f303xc.o [1]
  .text              ro code  0x08007a42     0x4  startup_stm32f303xc.o [1]
  .text              ro code  0x08007a46     0x4  startup_stm32f303xc.o [1]
  .text              ro code  0x08007a4a     0x4  startup_stm32f303xc.o [1]
  .text              ro code  0x08007a4e     0x4  startup_stm32f303xc.o [1]
  .text              ro code  0x08007a52     0x4  startup_stm32f303xc.o [1]
  .text              ro code  0x08007a56     0x4  startup_stm32f303xc.o [1]
  .text              ro code  0x08007a5a     0x4  startup_stm32f303xc.o [1]
  .text              ro code  0x08007a5e     0x4  startup_stm32f303xc.o [1]
  .text              ro code  0x08007a62     0x4  startup_stm32f303xc.o [1]
  .text              ro code  0x08007a66     0x4  startup_stm32f303xc.o [1]
  .text              ro code  0x08007a6a     0x4  startup_stm32f303xc.o [1]
  .text              ro code  0x08007a6e     0x4  startup_stm32f303xc.o [1]
  .text              ro code  0x08007a72     0x4  startup_stm32f303xc.o [1]
  .text              ro code  0x08007a76     0x4  startup_stm32f303xc.o [1]
  .text              ro code  0x08007a7a     0x4  startup_stm32f303xc.o [1]
  .text              ro code  0x08007a7e     0x4  startup_stm32f303xc.o [1]
  .text              ro code  0x08007a82     0x4  startup_stm32f303xc.o [1]
  .text              ro code  0x08007a86     0x4  startup_stm32f303xc.o [1]
  .text              ro code  0x08007a8a     0x4  startup_stm32f303xc.o [1]
  .text              ro code  0x08007a8e     0x4  startup_stm32f303xc.o [1]
  .text              ro code  0x08007a92     0x4  startup_stm32f303xc.o [1]
  .text              ro code  0x08007a96     0x4  startup_stm32f303xc.o [1]
  .text              ro code  0x08007a9a     0x4  startup_stm32f303xc.o [1]
  .text              ro code  0x08007a9e     0x4  startup_stm32f303xc.o [1]
  .text              ro code  0x08007aa2     0x4  startup_stm32f303xc.o [1]
  .text              ro code  0x08007aa6     0x4  startup_stm32f303xc.o [1]
  .text              ro code  0x08007aaa     0x4  startup_stm32f303xc.o [1]
  .text              ro code  0x08007aae     0x4  startup_stm32f303xc.o [1]
  .text              ro code  0x08007ab2     0x4  startup_stm32f303xc.o [1]
  .text              ro code  0x08007ab8     0x0  cstart_closeall.o [5]
  .rodata            const    0x08007ab8     0x0  zero_init3.o [5]
  .rodata            const    0x08007ab8     0x0  lz77_init_single.o [5]
  Initializer bytes  const    0x08007ab8    0x9a  <for P2-1>
                            - 0x08007b52  0x79ca

"P2", part 1 of 3:                         0x184
  P2-1                        0x20000000   0x184  <Init block>
    .data            inited   0x20000000     0x4  system_stm32f3xx.o [1]
    .data            inited   0x20000004    0x38  xlocale_c.o [3]
    .data            inited   0x2000003c    0x48  xlocale_c.o [3]
    .data            inited   0x20000084    0x48  xfiles.o [3]
    .data            inited   0x200000cc    0x48  xfiles.o [3]
    .data            inited   0x20000114    0x48  xfiles.o [3]
    .data            inited   0x2000015c    0x20  xfiles.o [3]
    .data            inited   0x2000017c     0x8  XShttio.o [3]
                            - 0x20000184   0x184

"P2", part 2 of 3:                         0x340
  .bss               zero     0x20000184    0x80  XShHandles.o [3]
  .bss               zero     0x20000204    0x70  usart.o [1]
  .bss               zero     0x20000274    0x70  usart.o [1]
  .bss               zero     0x200002e4    0x64  spi.o [1]
  .bss               zero     0x20000348    0x50  xfiles.o [3]
  .bss               zero     0x20000398    0x50  xfiles.o [3]
  .bss               zero     0x200003e8    0x40  tim.o [1]
  .bss               zero     0x20000428    0x28  display_functions.o [1]
  .bss               zero     0x20000450    0x24  crc.o [1]
  .bss               zero     0x20000474    0x20  rtc.o [1]
  .bss               zero     0x20000494    0x10  temp_functions.o [1]
  .bss               zero     0x200004a4     0x8  heap0.o [3]
  .bss               zero     0x200004ac     0x7  display_functions.o [1]
  .bss               zero     0x200004b3     0x1  XShttio.o [3]
  .bss               zero     0x200004b4     0x4  main.o [1]
  .bss               zero     0x200004b8     0x4  stm32f3xx_hal.o [1]
  .bss               zero     0x200004bc     0x4  xfail_s.o [3]
  .bss               zero     0x200004c0     0x4  xgetmemchunk.o [3]
                            - 0x200004c4   0x340

"P2", part 3 of 3:                         0x600
  CSTACK                      0x200004c8   0x400  <Block>
    CSTACK           uninit   0x200004c8   0x400  <Block tail>
  HEAP                        0x200008c8   0x200  <Block>
    HEAP             uninit   0x200008c8   0x200  <Block tail>
                            - 0x20000ac8   0x600


*******************************************************************************
*** INIT TABLE
***

          Address     Size
          -------     ----
Zero (__iar_zero_init3)
    1 destination range, total size 0x340:
          0x20000184  0x340

Copy/lz77 (__iar_lz77_init_single3)
    1 source range, total size 0x9a (39% of destination):
          0x08007ab8   0x9a
    1 destination range, total size 0x184:
          0x20000000  0x184



*******************************************************************************
*** MODULE SUMMARY
***

    Module                   ro code  ro data  rw data
    ------                   -------  -------  -------
C:\Users\William\Documents\IS1300\ProjectIS1300_v2\EWARM\ProjectIS1300\Obj: [1]
    crc.o                        168                36
    display_functions.o          712                47
    gpio.o                       376
    main.o                       464                 4
    rtc.o                        272                32
    spi.o                        268               100
    startup_stm32f303xc.o        696
    stm32f3xx_hal.o              104                 4
    stm32f3xx_hal_cortex.o       270
    stm32f3xx_hal_crc.o          388
    stm32f3xx_hal_crc_ex.o        74
    stm32f3xx_hal_dma.o           78
    stm32f3xx_hal_gpio.o         404
    stm32f3xx_hal_msp.o          120
    stm32f3xx_hal_rcc.o        1 376
    stm32f3xx_hal_rcc_ex.o       440
    stm32f3xx_hal_rtc.o          948
    stm32f3xx_hal_rtc_ex.o        24
    stm32f3xx_hal_spi.o        1 060
    stm32f3xx_hal_tim.o        1 856
    stm32f3xx_hal_tim_ex.o        98
    stm32f3xx_hal_uart.o       2 150
    stm32f3xx_hal_uart_ex.o        2
    stm32f3xx_it.o                36
    system_stm32f3xx.o           124        9        4
    temp_functions.o             564                16
    tim.o                        384                64
    usart.o                      408               224
    --------------------------------------------------
    Total:                    13 864        9      531

command line: [2]
    --------------------------------------------------
    Total:

dl7M_tlf.a: [3]
    XShHandles.o                 204               128
    XShttio.o                     60        4        9
    abort.o                        6
    exit.o                         4
    fclose.o                     126
    fflush.o                     172
    fputc.o                       84
    fseek.o                       36
    heap0.o                      320                 8
    heaptramp0.o                   4
    iar_Stoflt.o                 456
    iar_Stollx.o                 156
    iar_Stopfx.o                 290
    iar_Stoullx.o                440
    iar_Stoxflt.o                540
    isalpha.o                     20
    isspace.o                     20
    low_level_init.o               4
    printf.o                      40
    putchar.o                     12
    sprintf.o                     64
    sscanf.o                      40
    tolower.o                     20
    wctob.o                       60
    xcloseall.o                   60
    xencoding_8859_1.o            38
    xfail_s.o                     68                 4
    xfgpos.o                      12
    xfiles.o                               98      408
    xfofind.o                    124
    xfspos.o                     216
    xfwprep.o                    180
    xgetmemchunk.o                44                 4
    xlocale_c.o                  264       57      128
    xmbcurmax.o                   10
    xprintffull.o              3 990
    xprout.o                      22
    xscanffull.o               3 820
    xsprout.o                     10
    xsscin.o                      30
    --------------------------------------------------
    Total:                    12 066      159      689

m7M_tls.a: [4]
    DblAdd.o                     376
    DblCmpGe.o                    46
    DblCmpLe.o                    46
    DblDiv.o                     582
    DblMul.o                     418
    DblSub.o                     226
    DblToFlt.o                   104
    DblToS32.o                    58
    DblToU32.o                    40
    S32ToDbl.o                    34
    U32ToDbl.o                    26
    fpinit_M.o                    34
    frexp.o                      112
    ldexp.o                      314
    strto64.o                  1 432
    --------------------------------------------------
    Total:                     3 848

rt7M_tl.a: [5]
    ABImemcpy.o                  166
    I64DivMod.o                  558
    I64DivZer.o                    2
    cexit.o                       14
    cmain.o                       30
    cstart_closeall.o
    cstartup_M.o                  12
    data_init.o                   40
    lz77_init_single.o           122
    memchr.o                      88
    strchr.o                      22
    strlen.o                      54
    zero_init3.o                  64
    --------------------------------------------------
    Total:                     1 172

shb_l.a: [6]
    close.o                       24
    dwrite.o                      30
    exit.o                        20
    iarttio.o                    124
    iarwrite.o                    34
    iarwstd.o                     32
    lseek.o                       74
    remove.o                      20
    write.o                       16
    --------------------------------------------------
    Total:                       374

    Gaps                          44        2
    Linker created                         32    1 536
------------------------------------------------------
    Grand Total:              31 368      202    2 756


*******************************************************************************
*** ENTRY LIST
***

Entry                      Address   Size  Type      Object
-----                      -------   ----  ----      ------
.iar.init_table$$Base   0x080078f4          --   Gb  - Linker created -
.iar.init_table$$Limit  0x08007914          --   Gb  - Linker created -
?main                   0x08007915         Code  Gb  cmain.o [5]
AHBPrescTable           0x08003280   0x10  Data  Gb  system_stm32f3xx.o [1]
APBPrescTable           0x08007988    0x8  Data  Gb  system_stm32f3xx.o [1]
Aldata                  0x200004a4    0x8  Data  Lc  heap0.o [3]
CRC_Handle_16           0x08006f89   0x34  Code  Lc  stm32f3xx_hal_crc.o [1]
CRC_Handle_8            0x08006f17   0x72  Code  Lc  stm32f3xx_hal_crc.o [1]
CSTACK$$Base            0x200004c8          --   Gb  - Linker created -
CSTACK$$Limit           0x200008c8          --   Gb  - Linker created -
CacheMore               0x080011d9   0x24  Code  Lc  xlocale_c.o [3]
Dtentox                 0x08003445  0x19a  Code  Lc  strto64.o [4]
HAL_CRCEx_Polynomial_Set
                        0x080070d1   0x4a  Code  Gb  stm32f3xx_hal_crc_ex.o [1]
HAL_CRC_Calculate       0x08006eb9   0x5e  Code  Gb  stm32f3xx_hal_crc.o [1]
HAL_CRC_Init            0x08006e39   0x7a  Code  Gb  stm32f3xx_hal_crc.o [1]
HAL_CRC_MspInit         0x080069e7   0x22  Code  Gb  crc.o [1]
HAL_DMA_Abort_IT        0x080047c9   0x4e  Code  Gb  stm32f3xx_hal_dma.o [1]
HAL_GPIO_Init           0x08005219  0x15e  Code  Gb  stm32f3xx_hal_gpio.o [1]
HAL_GPIO_TogglePin      0x08005387    0x8  Code  Gb  stm32f3xx_hal_gpio.o [1]
HAL_GPIO_WritePin       0x08005377   0x10  Code  Gb  stm32f3xx_hal_gpio.o [1]
HAL_GetTick             0x080047bd    0xc  Code  Wk  stm32f3xx_hal.o [1]
HAL_IncTick             0x080078c1   0x10  Code  Wk  stm32f3xx_hal.o [1]
HAL_Init                0x08006691   0x20  Code  Gb  stm32f3xx_hal.o [1]
HAL_InitTick            0x080054bd   0x28  Code  Wk  stm32f3xx_hal.o [1]
HAL_MspInit             0x08006fe5   0x78  Code  Gb  stm32f3xx_hal_msp.o [1]
HAL_NVIC_EnableIRQ      0x0800547f    0x2  Code  Gb  stm32f3xx_hal_cortex.o [1]
HAL_NVIC_SetPriority    0x08005461   0x1e  Code  Gb  stm32f3xx_hal_cortex.o [1]
HAL_NVIC_SetPriorityGrouping
                        0x0800545f    0x2  Code  Gb  stm32f3xx_hal_cortex.o [1]
HAL_RCCEx_PeriphCLKConfig
                        0x08006c71  0x1ac  Code  Gb  stm32f3xx_hal_rcc_ex.o [1]
HAL_RCC_ClockConfig     0x08004b83  0x142  Code  Gb  stm32f3xx_hal_rcc.o [1]
HAL_RCC_GetHCLKFreq     0x08004cff    0x6  Code  Gb  stm32f3xx_hal_rcc.o [1]
HAL_RCC_GetPCLK1Freq    0x08004d05   0x16  Code  Gb  stm32f3xx_hal_rcc.o [1]
HAL_RCC_GetPCLK2Freq    0x08004d1b   0x16  Code  Gb  stm32f3xx_hal_rcc.o [1]
HAL_RCC_GetSysClockFreq
                        0x08004cc5   0x3a  Code  Gb  stm32f3xx_hal_rcc.o [1]
HAL_RCC_OscConfig       0x0800481d  0x366  Code  Gb  stm32f3xx_hal_rcc.o [1]
HAL_RTCEx_BKUPRead      0x080070c5    0xc  Code  Gb  stm32f3xx_hal_rtc_ex.o [1]
HAL_RTCEx_BKUPWrite     0x080070b9    0xc  Code  Gb  stm32f3xx_hal_rtc_ex.o [1]
HAL_RTC_GetDate         0x08005bd1   0x4c  Code  Gb  stm32f3xx_hal_rtc.o [1]
HAL_RTC_GetTime         0x08005aa1   0x5e  Code  Gb  stm32f3xx_hal_rtc.o [1]
HAL_RTC_Init            0x08005909   0xb0  Code  Gb  stm32f3xx_hal_rtc.o [1]
HAL_RTC_MspInit         0x08006c13   0x10  Code  Gb  rtc.o [1]
HAL_RTC_SetDate         0x08005aff   0xd2  Code  Gb  stm32f3xx_hal_rtc.o [1]
HAL_RTC_SetTime         0x080059b9   0xe8  Code  Gb  stm32f3xx_hal_rtc.o [1]
HAL_RTC_WaitForSynchro  0x08005c29   0x32  Code  Gb  stm32f3xx_hal_rtc.o [1]
HAL_SPI_Init            0x080054e5   0xbe  Code  Gb  stm32f3xx_hal_spi.o [1]
HAL_SPI_MspInit         0x08006aab   0x62  Code  Gb  spi.o [1]
HAL_SPI_Transmit        0x080055a3  0x1c8  Code  Gb  stm32f3xx_hal_spi.o [1]
HAL_SYSTICK_CLKSourceConfig
                        0x08005483   0x18  Code  Gb  stm32f3xx_hal_cortex.o [1]
HAL_SYSTICK_Config      0x08005481    0x2  Code  Gb  stm32f3xx_hal_cortex.o [1]
HAL_SYSTICK_IRQHandler  0x080054b5    0x4  Code  Gb  stm32f3xx_hal_cortex.o [1]
HAL_TIMEx_Break2Callback
                        0x08006e33    0x2  Code  Wk  stm32f3xx_hal_tim_ex.o [1]
HAL_TIMEx_BreakCallback
                        0x08006e31    0x2  Code  Wk  stm32f3xx_hal_tim_ex.o [1]
HAL_TIMEx_CommutationCallback
                        0x08006e37    0x2  Code  Wk  stm32f3xx_hal_tim_ex.o [1]
HAL_TIMEx_MasterConfigSynchronization
                        0x0800705d   0x54  Code  Gb  stm32f3xx_hal_tim_ex.o [1]
HAL_TIM_Base_Init       0x08005d25   0x32  Code  Gb  stm32f3xx_hal_tim.o [1]
HAL_TIM_Base_MspInit    0x0800690f   0x54  Code  Gb  tim.o [1]
HAL_TIM_ConfigClockSource
                        0x08005ff5  0x104  Code  Gb  stm32f3xx_hal_tim.o [1]
HAL_TIM_IC_CaptureCallback
                        0x08005049   0x4a  Code  Gb  main.o [1]
HAL_TIM_IC_CaptureCallback::bitcount
                        0x200004b4    0x1  Data  Lc  main.o [1]
HAL_TIM_IC_CaptureCallback::ticks2
                        0x200004b6    0x2  Data  Lc  main.o [1]
HAL_TIM_IC_ConfigChannel
                        0x08005f4f   0xa6  Code  Gb  stm32f3xx_hal_tim.o [1]
HAL_TIM_IC_Init         0x08005d57   0x32  Code  Gb  stm32f3xx_hal_tim.o [1]
HAL_TIM_IC_Start_IT     0x08005d89   0x5a  Code  Gb  stm32f3xx_hal_tim.o [1]
HAL_TIM_IRQHandler      0x08005de3  0x16c  Code  Gb  stm32f3xx_hal_tim.o [1]
HAL_TIM_ReadCapturedValue
                        0x0800613b   0x46  Code  Gb  stm32f3xx_hal_tim.o [1]
HAL_TIM_SlaveConfigSynchronization
                        0x080060fd   0x3e  Code  Gb  stm32f3xx_hal_tim.o [1]
HAL_UARTEx_WakeupCallback
                        0x08004819    0x2  Code  Wk  stm32f3xx_hal_uart_ex.o [1]
HAL_UART_IRQHandler     0x08003fff  0x144  Code  Gb  stm32f3xx_hal_uart.o [1]
HAL_UART_Init           0x08003dc1   0x6a  Code  Gb  stm32f3xx_hal_uart.o [1]
HAL_UART_MspInit        0x080046a1   0xc4  Code  Gb  usart.o [1]
HAL_UART_Receive        0x08003edd   0xd6  Code  Gb  stm32f3xx_hal_uart.o [1]
HAL_UART_Transmit       0x08003e2b   0xb2  Code  Gb  stm32f3xx_hal_uart.o [1]
HAL_UART_Transmit_IT    0x08003fb3   0x4c  Code  Gb  stm32f3xx_hal_uart.o [1]
HAL_UART_TxCpltCallback
                        0x08004e45    0x8  Code  Gb  display_functions.o [1]
HEAP$$Base              0x200008c8          --   Gb  - Linker created -
HEAP$$Limit             0x20000ac8          --   Gb  - Linker created -
LoadInt                 0x08000377   0x7a  Code  Lc  xprintffull.o [3]
MX_CRC_Init             0x080069ad   0x3a  Code  Gb  crc.o [1]
MX_GPIO_Init            0x080066b5  0x178  Code  Gb  gpio.o [1]
MX_RTC_Init             0x08006b61   0xb2  Code  Gb  rtc.o [1]
MX_SPI2_Init            0x08006a55   0x56  Code  Gb  spi.o [1]
MX_TIM2_Init            0x0800682d   0xe2  Code  Gb  tim.o [1]
MX_USART2_UART_Init     0x08004625   0x40  Code  Gb  usart.o [1]
MX_USART3_UART_Init     0x08004665   0x3c  Code  Gb  usart.o [1]
NVIC_EnableIRQ          0x080053d1   0x12  Code  Lc  stm32f3xx_hal_cortex.o [1]
NVIC_EncodePriority     0x08005401   0x36  Code  Lc  stm32f3xx_hal_cortex.o [1]
NVIC_GetPriorityGrouping
                        0x080053c7    0xa  Code  Lc  stm32f3xx_hal_cortex.o [1]
NVIC_SetPriority        0x080053e3   0x1e  Code  Lc  stm32f3xx_hal_cortex.o [1]
NVIC_SetPriorityGrouping
                        0x080053ad   0x1a  Code  Lc  stm32f3xx_hal_cortex.o [1]
RTC_Bcd2ToByte          0x08005ca9   0x14  Code  Gb  stm32f3xx_hal_rtc.o [1]
RTC_ByteToBcd2          0x08005c91   0x18  Code  Gb  stm32f3xx_hal_rtc.o [1]
RTC_EnterInitMode       0x08005c5b   0x36  Code  Gb  stm32f3xx_hal_rtc.o [1]
Region$$Table$$Base     0x080078f4          --   Gb  - Linker created -
Region$$Table$$Limit    0x08007914          --   Gb  - Linker created -
SPI_EndRxTxTransaction  0x080058a1   0x68  Code  Lc  stm32f3xx_hal_spi.o [1]
SPI_WaitFifoStateUntilTimeout
                        0x08005801   0xa0  Code  Lc  stm32f3xx_hal_spi.o [1]
SPI_WaitFlagStateUntilTimeout
                        0x0800576b   0x96  Code  Lc  stm32f3xx_hal_spi.o [1]
SysTick_Config          0x08005437   0x28  Code  Lc  stm32f3xx_hal_cortex.o [1]
SysTick_Handler         0x0800789d    0xe  Code  Gb  stm32f3xx_it.o [1]
SystemClock_Config      0x08005111   0xae  Code  Gb  main.o [1]
SystemCoreClock         0x20000000    0x4  Data  Gb  system_stm32f3xx.o [1]
SystemInit              0x08003215   0x52  Code  Gb  system_stm32f3xx.o [1]
TIM2_IRQHandler         0x080078ab    0x6  Code  Gb  stm32f3xx_it.o [1]
TIM_Base_SetConfig      0x08006181   0xae  Code  Gb  stm32f3xx_hal_tim.o [1]
TIM_CCxChannelCmd       0x08006441   0x1a  Code  Gb  stm32f3xx_hal_tim.o [1]
TIM_ETR_SetConfig       0x0800642b   0x16  Code  Gb  stm32f3xx_hal_tim.o [1]
TIM_ITRx_SetConfig      0x0800641b   0x10  Code  Lc  stm32f3xx_hal_tim.o [1]
TIM_SlaveTimer_SetConfig
                        0x0800622f   0x72  Code  Lc  stm32f3xx_hal_tim.o [1]
TIM_TI1_ConfigInputStage
                        0x08006331   0x24  Code  Lc  stm32f3xx_hal_tim.o [1]
TIM_TI1_SetConfig       0x080062a1   0x68  Code  Gb  stm32f3xx_hal_tim.o [1]
TIM_TI2_ConfigInputStage
                        0x0800638b   0x26  Code  Lc  stm32f3xx_hal_tim.o [1]
TIM_TI2_SetConfig       0x08006355   0x36  Code  Lc  stm32f3xx_hal_tim.o [1]
TIM_TI3_SetConfig       0x080063b1   0x34  Code  Lc  stm32f3xx_hal_tim.o [1]
TIM_TI4_SetConfig       0x080063e5   0x36  Code  Lc  stm32f3xx_hal_tim.o [1]
UART_AdvFeatureConfig   0x08004371   0xc8  Code  Gb  stm32f3xx_hal_uart.o [1]
UART_CheckIdleState     0x08004439   0x62  Code  Gb  stm32f3xx_hal_uart.o [1]
UART_DMAAbortOnError    0x08004521   0x10  Code  Lc  stm32f3xx_hal_uart.o [1]
UART_EndRxTransfer      0x08004501   0x1c  Code  Lc  stm32f3xx_hal_uart.o [1]
UART_EndTransmit_IT     0x08004595   0x1a  Code  Gb  stm32f3xx_hal_uart.o [1]
UART_Receive_IT         0x080045af   0x74  Code  Gb  stm32f3xx_hal_uart.o [1]
UART_SetConfig          0x08004145  0x208  Code  Gb  stm32f3xx_hal_uart.o [1]
UART_Transmit_IT        0x08004531   0x64  Code  Gb  stm32f3xx_hal_uart.o [1]
UART_WaitOnFlagUntilTimeout
                        0x0800449b   0x66  Code  Gb  stm32f3xx_hal_uart.o [1]
USART3_IRQHandler       0x080078b1    0x6  Code  Gb  stm32f3xx_it.o [1]
UartReady               0x2000043c    0x1  Data  Gb  display_functions.o [1]
_Close_all              0x08007839   0x3c  Code  Gb  xcloseall.o [3]
_Encoding_8859_1_Mbrlen
                        0x080012d1    0x2  Code  Gb  xencoding_8859_1.o [3]
_Encoding_8859_1_Mbtowc
                        0x080012c9    0x8  Code  Gb  xencoding_8859_1.o [3]
_Encoding_8859_1_Wctomb
                        0x080012b7   0x12  Code  Gb  xencoding_8859_1.o [3]
_Error_Handler          0x080051d5    0x2  Code  Gb  main.o [1]
_Files                  0x2000015c   0x20  Data  Gb  xfiles.o [3]
_Fofree                 0x080076f9   0x78  Code  Gb  xfofind.o [3]
_Fspos                  0x08007289   0xd8  Code  Gb  xfspos.o [3]
_Fwprep                 0x080075a1   0xb4  Code  Gb  xfwprep.o [3]
_GenldFull              0x08000df7  0x276  Code  Lc  xprintffull.o [3]
_GetN                   0x08002085   0x22  Code  Lc  xscanffull.o [3]
_GetfldFull             0x080022e9  0x132  Code  Lc  xscanffull.o [3]
_GetfloatFull           0x0800293f  0x54e  Code  Lc  xscanffull.o [3]
_GetintFull             0x08002715  0x224  Code  Lc  xscanffull.o [3]
_GetstrFull             0x0800245d  0x2b2  Code  Lc  xscanffull.o [3]
_LdtobFull              0x080009cd  0x3fe  Code  Lc  xprintffull.o [3]
_LitobFull              0x08000875  0x112  Code  Lc  xprintffull.o [3]
_LocaleC_isalpha        0x0800119f    0xc  Code  Gb  xlocale_c.o [3]
_LocaleC_islower        0x08001199    0x4  Code  Gb  xlocale_c.o [3]
_LocaleC_isspace        0x080011b5   0x14  Code  Gb  xlocale_c.o [3]
_LocaleC_isupper        0x0800119d    0x2  Code  Gb  xlocale_c.o [3]
_LocaleC_tolower        0x080011c9    0xc  Code  Gb  xlocale_c.o [3]
_Locale_lconv           0x20000004   0x38  Data  Lc  xlocale_c.o [3]
_Nnl                    0x0800740d    0xc  Code  Gb  xfgpos.o [3]
_PrintfFull             0x08000189  0x1d8  Code  Gb  xprintffull.o [3]
_Prout                  0x0800794b   0x16  Code  Gb  xprout.o [3]
_PutcharsFull           0x0800106d   0x2e  Code  Lc  xprintffull.o [3]
_PutfldFull             0x080003f1  0x2d0  Code  Lc  xprintffull.o [3]
_PutstrFull             0x080007b7   0xbe  Code  Lc  xprintffull.o [3]
_PuttxtFull             0x080006c1   0xf6  Code  Lc  xprintffull.o [3]
_SProut                 0x080013d7    0xa  Code  Gb  xsprout.o [3]
_SScin                  0x08001357   0x1e  Code  Gb  xsscin.o [3]
_ScanfFull              0x080020c1  0x204  Code  Gb  xscanffull.o [3]
_UngetN                 0x080020a7   0x1a  Code  Lc  xscanffull.o [3]
__aeabi_cdcmple         0x080018cd         Code  Gb  DblCmpLe.o [4]
__aeabi_cdrcmple        0x080018fd         Code  Gb  DblCmpGe.o [4]
__aeabi_d2f             0x0800383d         Code  Gb  DblToFlt.o [4]
__aeabi_d2iz            0x08001a69         Code  Gb  DblToS32.o [4]
__aeabi_d2uiz           0x08001df5         Code  Gb  DblToU32.o [4]
__aeabi_dadd            0x08001e41         Code  Gb  DblAdd.o [4]
__aeabi_ddiv            0x08001bad         Code  Gb  DblDiv.o [4]
__aeabi_dmul            0x080016b9         Code  Gb  DblMul.o [4]
__aeabi_dsub            0x08001ac9         Code  Gb  DblSub.o [4]
__aeabi_i2d             0x08001aa5         Code  Gb  S32ToDbl.o [4]
__aeabi_ldiv0           0x08001e3d         Code  Gb  I64DivZer.o [5]
__aeabi_memcpy          0x080013e1         Code  Gb  ABImemcpy.o [5]
__aeabi_memcpy4         0x08001401         Code  Gb  ABImemcpy.o [5]
__aeabi_memcpy8         0x08001401         Code  Gb  ABImemcpy.o [5]
__aeabi_ui2d            0x08001e1d         Code  Gb  U32ToDbl.o [4]
__aeabi_uldivmod        0x08001489         Code  Gb  I64DivMod.o [5]
__basic_free            0x080071c9   0x16  Code  Gb  heap0.o [3]
__basic_free_intern     0x080071df   0x7a  Code  Lc  heap0.o [3]
__basic_malloc          0x0800711d   0x18  Code  Gb  heap0.o [3]
__basic_malloc_intern   0x08007135   0x94  Code  Lc  heap0.o [3]
__cexit_closeall        0x0800793f         Code  Gb  cexit.o [5]
__close                 0x08007779   0x18  Code  Gb  close.o [6]
__cmain                 0x08007915         Code  Gb  cmain.o [5]
__cstart_closeall       0x08007ab8         Data  Gb  cstart_closeall.o [5]
__data_GetMemChunk      0x0800725d   0x2c  Code  Gb  xgetmemchunk.o [3]
__data_GetMemChunk::start
                        0x200004c0    0x4  Data  Lc  xgetmemchunk.o [3]
__dwrite                0x08007541   0x1e  Code  Gb  dwrite.o [6]
__exit                  0x08001fb9   0x14  Code  Gb  exit.o [6]
__iar_Fail_s            0x080012dd   0x1e  Code  Gb  xfail_s.o [3]
__iar_Mbcurmax          0x080013cd    0xa  Code  Gb  xmbcurmax.o [3]
__iar_Memchr            0x08001375         Code  Gb  memchr.o [5]
__iar_Stderr            0x20000114   0x48  Data  Gb  xfiles.o [3]
__iar_Stdin             0x20000084   0x48  Data  Gb  xfiles.o [3]
__iar_Stdout            0x200000cc   0x48  Data  Gb  xfiles.o [3]
__iar_Sto64             0x080035f1  0x1a6  Code  Gb  strto64.o [4]
__iar_Stoflt            0x080039dd  0x1c8  Code  Gb  iar_Stoflt.o [3]
__iar_Stollx            0x08002fc1   0x96  Code  Gb  iar_Stollx.o [3]
__iar_Stopfx            0x080038b9  0x122  Code  Gb  iar_Stopfx.o [3]
__iar_Stoullx           0x0800305d  0x15c  Code  Gb  iar_Stoullx.o [3]
__iar_Stoxflt           0x08003ba5  0x1e6  Code  Gb  iar_Stoxflt.o [3]
__iar_Stoxflt::digits   0x08003d90   0x18  Data  Lc  iar_Stoxflt.o [3]
__iar_Stoxflt::vals     0x08003da8   0x18  Data  Lc  iar_Stoxflt.o [3]
__iar_Strchr            0x080012a1         Code  Gb  strchr.o [5]
__iar_close_ttio        0x08001fcd   0x2c  Code  Gb  iarttio.o [6]
__iar_dadd              0x08001ad9         Code  Gb  DblSub.o [4]
__iar_data_init3        0x08007875   0x28  Code  Gb  data_init.o [5]
__iar_dsub              0x08001e51         Code  Gb  DblAdd.o [4]
__iar_dsubStart         0x08001e63         Code  Gb  DblAdd.o [4]
__iar_frexp             0x08001869         Code  Gb  frexp.o [4]
__iar_frexpl            0x08001869         Code  Gb  frexp.o [4]
__iar_get_ttio          0x08001ff9   0x4c  Code  Gb  iarttio.o [6]
__iar_globLocale        0x2000003c   0x48  Data  Lc  xlocale_c.o [3]
__iar_global_Locale     0x080011d5    0x4  Code  Gb  xlocale_c.o [3]
__iar_init_vfp          0x080078d1         Code  Gb  fpinit_M.o [4]
__iar_ldexp64           0x0800192d         Code  Gb  ldexp.o [4]
__iar_lookup_ttioh      0x08002077    0x4  Code  Gb  XShttio.o [3]
__iar_lz77_init_single3
                        0x0800111f   0x7a  Code  Gb  lz77_init_single.o [5]
__iar_program_start     0x0800797d         Code  Gb  cstartup_M.o [5]
__iar_scalbln64         0x0800192d         Code  Gb  ldexp.o [4]
__iar_scalbn64          0x0800192d         Code  Gb  ldexp.o [4]
__iar_sh_Discard        0x08007475   0x42  Code  Gb  XShHandles.o [3]
__iar_sh_Move           0x080074b7   0x46  Code  Gb  XShHandles.o [3]
__iar_sh_Pos            0x080074fd   0x3e  Code  Gb  XShHandles.o [3]
__iar_sh_stdout         0x0800755f   0x20  Code  Gb  iarwstd.o [6]
__iar_sh_write          0x0800757f   0x22  Code  Gb  iarwrite.o [6]
__iar_softfp___iar_frexp64
                        0x0800185d         Code  Gb  frexp.o [4]
__iar_softfp_frexp      0x0800185d         Code  Gb  frexp.o [4]
__iar_softfp_frexpl     0x0800185d         Code  Gb  frexp.o [4]
__iar_systems$$module {Abs}
                        0x00000001         Data  Gb  command line/config [2]
__iar_ttio_guard_lock   0x08002049   0x1e  Code  Gb  XShttio.o [3]
__iar_ttio_guard_unlock
                        0x08002067   0x10  Code  Gb  XShttio.o [3]
__iar_ttio_handles      0x2000017c    0x8  Data  Lc  XShttio.o [3]
__iar_zero_init3        0x080077f9   0x40  Code  Gb  zero_init3.o [5]
__low_level_init        0x08007933    0x4  Code  Gb  low_level_init.o [3]
__lseek                 0x08007419   0x4a  Code  Gb  lseek.o [6]
__vector_table          0x08000000         Data  Gb  startup_stm32f303xc.o [1]
__write                 0x08007463   0x10  Code  Gb  write.o [6]
_call_main              0x08007921         Code  Gb  cmain.o [5]
_exit                   0x0800793d         Code  Gb  cexit.o [5]
_gLocale_mblen          0x0800127f    0x4  Code  Gb  xlocale_c.o [3]
_gLocale_mblenInt       0x080011fd   0x34  Code  Gb  xlocale_c.o [3]
_gLocale_mbtowc         0x08001283    0xc  Code  Gb  xlocale_c.o [3]
_gLocale_mbtowcInt      0x08001231   0x4a  Code  Gb  xlocale_c.o [3]
_gLocale_wctomb         0x0800128f    0x4  Code  Gb  xlocale_c.o [3]
_gLocale_wctombInt      0x0800127b    0x4  Code  Gb  xlocale_c.o [3]
_main                   0x0800792f         Code  Gb  cmain.o [5]
aPLLMULFactorTable      0x08004d5c   0x10  Data  Gb  stm32f3xx_hal_rcc.o [1]
aPredivFactorTable      0x08004d6c   0x10  Data  Gb  stm32f3xx_hal_rcc.o [1]
abort                   0x08001e37    0x6  Code  Gb  abort.o [3]
addBit                  0x0800646d   0xa0  Code  Gb  temp_functions.o [1]
counter                 0x20000496    0x1  Data  Lc  temp_functions.o [1]
crc                     0x20000495    0x1  Data  Lc  temp_functions.o [1]
crccheck                0x20000498    0x1  Data  Lc  temp_functions.o [1]
crccounter              0x20000499    0x1  Data  Lc  temp_functions.o [1]
current_time            0x08004e4d   0xca  Code  Gb  display_functions.o [1]
data                    0x200004a0    0x4  Data  Lc  temp_functions.o [1]
dataByte                0x200004ac    0x4  Data  Lc  display_functions.o [1]
ddiv                    0x08003365   0xd0  Code  Lc  strto64.o [4]
digits                  0x080031c4   0x28  Data  Lc  iar_Stoullx.o [3]
display_init            0x08004dc9   0x7c  Code  Gb  display_functions.o [1]
display_send            0x08004d7d   0x4c  Code  Gb  display_functions.o [1]
dmul                    0x08003291   0xd2  Code  Lc  strto64.o [4]
ebuf                    0x20000348   0x50  Data  Lc  xfiles.o [3]
exit                    0x08007937    0x4  Code  Gb  exit.o [3]
fclose                  0x08007679   0x7e  Code  Gb  fclose.o [3]
fflush                  0x080073d5   0x34  Code  Gb  fflush.o [3]
fflushOne               0x08007361   0x74  Code  Lc  fflush.o [3]
first                   0x200004b0    0x1  Data  Lc  display_functions.o [1]
fputc                   0x080077a5   0x54  Code  Gb  fputc.o [3]
free                    0x08007775    0x4  Code  Gb  heaptramp0.o [3]
fseek                   0x08007655   0x24  Code  Gb  fseek.o [3]
h                       0x20000444    0x4  Data  Lc  display_functions.o [1]
hcrc                    0x20000450   0x24  Data  Gb  crc.o [1]
hrtc                    0x20000474   0x20  Data  Gb  rtc.o [1]
hspi2                   0x200002e4   0x64  Data  Gb  spi.o [1]
htim2                   0x200003e8   0x40  Data  Gb  tim.o [1]
huart2                  0x20000204   0x70  Data  Gb  usart.o [1]
huart3                  0x20000274   0x70  Data  Gb  usart.o [1]
humidity                0x20000497    0x1  Data  Lc  temp_functions.o [1]
isalpha                 0x08003829   0x14  Code  Gb  isalpha.o [3]
isspace                 0x08002fad   0x14  Code  Gb  isspace.o [3]
ldexp                   0x0800192d         Code  Gb  ldexp.o [4]
ldexpl                  0x0800192d         Code  Gb  ldexp.o [4]
localeconv              0x08001293    0x4  Code  Gb  xlocale_c.o [3]
m                       0x20000448    0x4  Data  Lc  display_functions.o [1]
main                    0x08005093   0x7e  Code  Gb  main.o [1]
memchr                  0x08001375         Code  Gb  memchr.o [5]
ndigs                   0x080031ec   0x28  Data  Lc  iar_Stoullx.o [3]
obuf                    0x20000398   0x50  Data  Lc  xfiles.o [3]
pastValueHumid          0x2000049c    0x1  Data  Lc  temp_functions.o [1]
pastValueTemp           0x2000049b    0x1  Data  Lc  temp_functions.o [1]
pows                    0x080037e0   0x48  Data  Lc  strto64.o [4]
preamble                0x20000494    0x1  Data  Lc  temp_functions.o [1]
preamblecounter         0x2000049a    0x1  Data  Lc  temp_functions.o [1]
previoussecond          0x2000043e    0x2  Data  Lc  display_functions.o [1]
print_humidity          0x08006593   0x62  Code  Gb  temp_functions.o [1]
print_temp              0x0800650d   0x86  Code  Gb  temp_functions.o [1]
print_time              0x08004f17   0x88  Code  Gb  display_functions.o [1]
printf                  0x08006fbd   0x28  Code  Gb  printf.o [3]
putchar                 0x08007961    0xc  Code  Gb  putchar.o [3]
ranmatch                0x0800241b   0x42  Code  Lc  xscanffull.o [3]
remove                  0x08007791   0x14  Code  Gb  remove.o [6]
reset                   0x0800645d   0x10  Code  Gb  temp_functions.o [1]
s                       0x2000044c    0x4  Data  Lc  display_functions.o [1]
sDate                   0x20000440    0x4  Data  Lc  display_functions.o [1]
sFileInfo               0x20000184   0x80  Data  Lc  XShHandles.o [3]
sTime                   0x20000428   0x14  Data  Lc  display_functions.o [1]
scalbln                 0x0800192d         Code  Gb  ldexp.o [4]
scalblnl                0x0800192d         Code  Gb  ldexp.o [4]
scalbn                  0x0800192d         Code  Gb  ldexp.o [4]
scalbnl                 0x0800192d         Code  Gb  ldexp.o [4]
scale                   0x08000987   0x46  Code  Lc  xprintffull.o [3]
sec_hand                0x200004bc    0x4  Data  Lc  xfail_s.o [3]
second                  0x200004b1    0x1  Data  Lc  display_functions.o [1]
sprintf                 0x08005ce5   0x40  Code  Gb  sprintf.o [3]
sscanf                  0x08005cbd   0x28  Code  Gb  sscanf.o [3]
strchr                  0x080012a1         Code  Gb  strchr.o [5]
strlen                  0x08001321         Code  Gb  strlen.o [5]
strtoll                 0x08003057    0x2  Code  Gb  iar_Stollx.o [3]
strtoull                0x080031bf    0x2  Code  Gb  iar_Stoullx.o [3]
temperature             0x2000049e    0x2  Data  Lc  temp_functions.o [1]
third                   0x200004b2    0x1  Data  Lc  display_functions.o [1]
tolower                 0x080038a5   0x14  Code  Gb  tolower.o [3]
ttio_guard              0x200004b3    0x1  Data  Lc  XShttio.o [3]
uwTick                  0x200004b8    0x4  Data  Gb  stm32f3xx_hal.o [1]
wctob                   0x08002f71   0x34  Code  Gb  wctob.o [3]


[1] = C:\Users\William\Documents\IS1300\ProjectIS1300_v2\EWARM\ProjectIS1300\Obj
[2] = command line
[3] = dl7M_tlf.a
[4] = m7M_tls.a
[5] = rt7M_tl.a
[6] = shb_l.a

  31 368 bytes of readonly  code memory
     202 bytes of readonly  data memory
   2 756 bytes of readwrite data memory

Errors: none
Warnings: none
